// Jest Snapshot v1, https://goo.gl/fbAQLP

exports[`Tests in component  <AddCategory /> should show component <AddCategory/> correctly 1`] = `
<form
  onSubmit={[Function]}
>
  <input
    onChange={[Function]}
    type="text"
    value=""
  />
</form>
`;
