// Jest Snapshot v1, https://goo.gl/fbAQLP

exports[`tests in <GifGrid/> component Should show <GifGrid/> correctly  1`] = `
<Fragment>
  <h3
    className="animate__animated animate__fadeIn"
  >
    Bikes
  </h3>
  <div
    className="card-grid"
  >
    <p
      className="animate__animated animate__flash"
    >
      Loading...
    </p>
  </div>
</Fragment>
`;
